[2026-09-23T12:26:04-04:00] seeding run_01 → /home/akp66103/workspace/agenticAI/campaigns/robustness/campaigns/pseudokin_20x2/run_01
[2026-09-23T12:26:04-04:00] seeding 20 labels → /home/akp66103/workspace/agenticAI/campaigns/robustness/campaigns/pseudokin_20x2/run_01  case_suffix=_ATP
  rep01←/scratch/akp66103/pseudoKin  rep02←/scratch/akp66103/pseudoKin2  link_mode=auto
  p17612_ATP: hpc/rep01 + hpc/rep02 linked
  o60674_ATP: hpc/rep01 + hpc/rep02 linked
  p24941_ATP: hpc/rep01 + hpc/rep02 linked
  q8ivt5_ATP: hpc/rep01 + hpc/rep02 linked
  q13418_ATP: hpc/rep01 + hpc/rep02 linked
  p00533_ATP: hpc/rep01 + hpc/rep02 linked
  p23458_ATP: hpc/rep01 + hpc/rep02 linked
  q6vab6_ATP: hpc/rep01 + hpc/rep02 linked
  q92519_ATP: hpc/rep01 + hpc/rep02 linked
  q9y243_ATP: hpc/rep01 + hpc/rep02 linked
  o15197_ATP: hpc/rep01 + hpc/rep02 linked
  o43187_ATP: hpc/rep01 + hpc/rep02 linked
  p21860_ATP: hpc/rep01 + hpc/rep02 linked
  p25092_ATP: hpc/rep01 + hpc/rep02 linked
  p28482_ATP: hpc/rep01 + hpc/rep02 linked
  p29597_ATP: hpc/rep01 + hpc/rep02 linked
  p51841_ATP: hpc/rep01 + hpc/rep02 linked
  p52333_ATP: hpc/rep01 + hpc/rep02 linked
  q05823_ATP: hpc/rep01 + hpc/rep02 linked
  q13308_ATP: hpc/rep01 + hpc/rep02 linked
[2026-09-23T12:26:09-04:00] seeded_ok=20 / 20  (hardlink_slots≈0 symlink_slots≈40)
[2026-09-23T12:26:09-04:00] seeding run_02 → /home/akp66103/workspace/agenticAI/campaigns/robustness/campaigns/pseudokin_20x2/run_02
[2026-09-23T12:26:10-04:00] seeding 20 labels → /home/akp66103/workspace/agenticAI/campaigns/robustness/campaigns/pseudokin_20x2/run_02  case_suffix=_ATP
  rep01←/scratch/akp66103/pseudoKin  rep02←/scratch/akp66103/pseudoKin2  link_mode=auto
  p17612_ATP: hpc/rep01 + hpc/rep02 linked
  o60674_ATP: hpc/rep01 + hpc/rep02 linked
  p24941_ATP: hpc/rep01 + hpc/rep02 linked
  q8ivt5_ATP: hpc/rep01 + hpc/rep02 linked
  q13418_ATP: hpc/rep01 + hpc/rep02 linked
  p00533_ATP: hpc/rep01 + hpc/rep02 linked
  p23458_ATP: hpc/rep01 + hpc/rep02 linked
  q6vab6_ATP: hpc/rep01 + hpc/rep02 linked
  q92519_ATP: hpc/rep01 + hpc/rep02 linked
  q9y243_ATP: hpc/rep01 + hpc/rep02 linked
  o15197_ATP: hpc/rep01 + hpc/rep02 linked
  o43187_ATP: hpc/rep01 + hpc/rep02 linked
  p21860_ATP: hpc/rep01 + hpc/rep02 linked
  p25092_ATP: hpc/rep01 + hpc/rep02 linked
  p28482_ATP: hpc/rep01 + hpc/rep02 linked
  p29597_ATP: hpc/rep01 + hpc/rep02 linked
  p51841_ATP: hpc/rep01 + hpc/rep02 linked
  p52333_ATP: hpc/rep01 + hpc/rep02 linked
  q05823_ATP: hpc/rep01 + hpc/rep02 linked
  q13308_ATP: hpc/rep01 + hpc/rep02 linked
[2026-09-23T12:26:15-04:00] seeded_ok=20 / 20  (hardlink_slots≈0 symlink_slots≈40)
[2026-09-23T12:26:15-04:00] nohup start run_01  log=/home/akp66103/workspace/agenticAI/campaigns/robustness/campaigns/pseudokin_20x2/logs/run_01.log
  pid=1686321
[2026-09-23T12:26:15-04:00] waiting for run_01 (pid=1686321) …
[2026-09-23T14:25:15-04:00] run_01 finished exit=0 done=2026-09-23T14:24:33-04:00
[2026-09-23T14:25:15-04:00] nohup start run_02  log=/home/akp66103/workspace/agenticAI/campaigns/robustness/campaigns/pseudokin_20x2/logs/run_02.log
  pid=1740991
[2026-09-23T14:25:15-04:00] waiting for run_02 (pid=1740991) …
[2026-09-23T16:24:15-04:00] run_02 finished exit=0 done=2026-09-23T16:24:01-04:00
[2026-09-23T16:24:15-04:00] all requested runs finished (aggregate_exit=0)
