            --------------------------------------------------------
                             AMBER SQM VERSION 19
 
                                     By
              Ross C. Walker, Michael F. Crowley, Scott Brozell,
                         Tim Giese, Andreas W. Goetz,
                        Tai-Sung Lee and David A. Case
 
            --------------------------------------------------------
 

--------------------------------------------------------------------------------
  QM CALCULATION INFO
--------------------------------------------------------------------------------

| QMMM: Citation for AMBER QMMM Run:
| QMMM: R.C. Walker, M.F. Crowley and D.A. Case, J. COMP. CHEM. 29:1019, 2008

QMMM: SINGLET STATE CALCULATION
QMMM: RHF CALCULATION, NO. OF DOUBLY OCCUPIED LEVELS = 87

| QMMM: *** Selected Hamiltonian *** 
| QMMM: AM1         

| QMMM: *** Parameter sets in use ***
| QMMM: C : M.J.S.DEWAR et al. JACS, 107, 3902, (1985)
| QMMM: O : M.J.S.DEWAR et al. JACS, 107, 3902, (1985)
| QMMM: P : M.J.S.DEWAR et al. THEOCHEM, 187,1, (1989)
| QMMM: N : M.J.S.DEWAR et al. JACS, 107, 3902, (1985)
| QMMM: H : M.J.S.DEWAR et al. JACS, 107, 3902, (1985)

| QMMM: *** SCF convergence criteria ***
| QMMM: Energy change                :  0.1D-09 kcal/mol
| QMMM: Error matrix |FP-PF|         :  0.1D+00 au
| QMMM: Density matrix change        :  0.5D-06
| QMMM: Maximum number of SCF cycles :     1000

| QMMM: *** Diagonalization Routine Information ***
| QMMM: Pseudo diagonalizations are allowed.
| QMMM: Auto diagonalization routine selection is in use.
| QMMM:
| QMMM: Timing diagonalization routines:
| QMMM:                              norbs =      136
| QMMM:    diag iterations used for timing =       10
| QMMM:
| QMMM:              Internal diag routine = 0.030556 seconds
| QMMM:                 Dspev diag routine = 0.027627 seconds
| QMMM:                Dspevd diag routine = 0.013737 seconds
| QMMM:                Dspevx diag routine = 0.086659 seconds
| QMMM:                 Dsyev diag routine = 0.026538 seconds
| QMMM:                Dsyevd diag routine = 0.010373 seconds
| QMMM:                Dsyevr diag routine = 0.017840 seconds
| QMMM:
| QMMM:                Pseudo diag routine = 0.009412 seconds
| QMMM:
| QMMM: Using dsyevd routine (diag_routine=6).

  QMMM: QM Region Cartesian Coordinates (*=link atom) 
  QMMM: QM_NO.   MM_NO.  ATOM         X         Y         Z
  QMMM:     1        1      C        2.7960    8.3960   11.2290
  QMMM:     2        2      C        2.4000    7.0220   11.7250
  QMMM:     3        3      C        3.5600    6.1480   11.3350
  QMMM:     4        4      C        4.7370    7.1100   11.4020
  QMMM:     5        5      C        5.8230    6.7280   10.4400
  QMMM:     6        6      O        5.3380    6.8770    9.1240
  QMMM:     7        7      P        5.8330    5.9150    7.9540
  QMMM:     8        8      O        7.4050    6.1550    8.0000
  QMMM:     9        9      P        8.4690    5.2450    7.2340
  QMMM:    10       10      O        8.5160    5.8570    5.7870
  QMMM:    11       11      P        8.2740    5.0070    4.4990
  QMMM:    12       12      O        8.6810    5.8760    3.3480
  QMMM:    13       13      O        4.1910    8.3930   11.0640
  QMMM:    14       14      O        5.5160    4.5100    8.2950
  QMMM:    15       15      O        5.2800    6.4450    6.6520
  QMMM:    16       16      O        9.8130    5.4430    7.8850
  QMMM:    17       17      O        7.9510    3.8400    7.2130
  QMMM:    18       18      O        9.1310    3.7870    4.6050
  QMMM:    19       19      O        6.8070    4.6730    4.4800
  QMMM:    20       20      N        2.1840    8.7260    9.9370
  QMMM:    21       21      C        2.5220    8.2520    8.7210
  QMMM:    22       22      N        1.7830    8.7870    7.7530
  QMMM:    23       23      C        0.9420    9.6450    8.3540
  QMMM:    24       24      C        1.2040    9.6070    9.7560
  QMMM:    25       25      N        0.5330   10.3670   10.6160
  QMMM:    26       26      C       -0.3970   11.1700   10.1350
  QMMM:    27       27      N       -0.7180   11.2790    8.8240
  QMMM:    28       28      C       -0.0840   10.5440    7.9070
  QMMM:    29       29      N       -0.4030   10.6730    6.6020
  QMMM:    30       30      O        2.2700    7.0890   13.1450
  QMMM:    31       31      O        3.7110    5.0790   12.2610
  QMMM:    32       32      H        2.5310    9.0670   11.8930
  QMMM:    33       33      H        1.5690    6.7300   11.2950
  QMMM:    34       34      H        3.4840    5.7950   10.4240
  QMMM:    35       35      H        5.1180    7.1620   12.3040
  QMMM:    36       36      H        6.6050    7.3070   10.5590
  QMMM:    37       37      H        6.0900    5.7950   10.5780
  QMMM:    38       38      H        3.3030    7.5600    8.5370
  QMMM:    39       39      H       -0.9490   11.7860   10.7980
  QMMM:    40       40      H       -1.1060   11.3120    6.3240
  QMMM:    41       41      H        0.0670   10.1280    5.9230
  QMMM:    42       42      H        1.5080    7.6640   13.3690
  QMMM:    43       43      H        4.5320    4.5880   12.0500

--------------------------------------------------------------------------------
  RESULTS
--------------------------------------------------------------------------------

      iter         sqm energy              rms gradient
      ----    -------------------    -----------------------
xmin    10     -459.5258 kcal/mol        7.1476 kcal/(mol*A)
xmin    20     -540.6092 kcal/mol        1.9815 kcal/(mol*A)
xmin    30     -552.8494 kcal/mol        1.6825 kcal/(mol*A)
xmin    40     -560.3756 kcal/mol        1.9070 kcal/(mol*A)
xmin    50     -567.7638 kcal/mol        1.7839 kcal/(mol*A)
xmin    60     -569.6181 kcal/mol        0.6962 kcal/(mol*A)
xmin    70     -570.9350 kcal/mol        1.3252 kcal/(mol*A)
xmin    80     -571.4410 kcal/mol        0.5643 kcal/(mol*A)
xmin    90     -572.2233 kcal/mol        0.3948 kcal/(mol*A)
xmin   100     -572.9419 kcal/mol        0.4218 kcal/(mol*A)
xmin   110     -572.9973 kcal/mol        0.0207 kcal/(mol*A)
xmin   120     -572.9978 kcal/mol        0.0063 kcal/(mol*A)
xmin   130     -572.9978 kcal/mol        0.0022 kcal/(mol*A)
xmin   140     -572.9978 kcal/mol        0.0037 kcal/(mol*A)
xmin   150     -572.9978 kcal/mol        0.0008 kcal/(mol*A)
xmin   150     -572.9978 kcal/mol        0.0005 kcal/(mol*A)
  ... geometry converged !
 
 Final MO eigenvalues (eV):
 -32.7527  -31.7290  -29.6974  -28.7309  -28.0218  -27.7203  -26.8260  -26.2330
 -25.2245  -24.6374  -24.1755  -23.0452  -22.9039  -22.4869  -22.3381  -21.3693
 -20.4913  -20.4534  -19.9273  -19.8375  -19.8148  -16.6848  -15.6281  -14.6503
 -13.9820  -12.5964  -11.4314  -10.7435  -10.2053  -10.0046   -9.3029   -8.7052
  -8.6658   -8.2126   -8.0687   -7.9467   -7.7659   -7.2219   -7.0575   -6.8910
  -6.7216   -6.7085   -6.4401   -6.1035   -5.7008   -5.4665   -5.3166   -5.1239
  -4.7797   -4.5976   -4.4264   -4.3617   -4.1870   -4.0678   -3.5096   -3.2096
  -3.0284   -3.0076   -2.7859   -2.6618   -2.5408   -2.1625   -2.1046   -2.0003
  -1.8834   -1.7060   -1.5740   -1.3966   -1.3383   -1.2735   -1.1070   -0.7476
  -0.7069   -0.4791   -0.4489   -0.4128   -0.1840   -0.0991   -0.0879   -0.0047
   0.0886    0.9934    2.2479    2.2632    2.2736    2.3657    2.3716    8.1893
   8.4837   10.1974   10.4741   10.8517   11.2161   11.3472   11.5884   11.7942
  12.0085   12.1169   12.2369   12.3919   12.5398   12.6506   12.7773   12.9046
  13.0205   13.0509   13.3360   13.3648   13.5751   13.6965   13.7911   13.9100
  14.1114   14.1563   14.2388   14.3883   14.5247   14.6070   14.7964   14.8879
  15.0703   15.3001   15.4320   15.5739   16.0459   16.1352   16.4105   16.4845
  17.9502   18.1256   18.2989   18.4861   18.7398   19.7540   21.2841   21.3099


 Heat of formation   =       -572.99782531 kcal/mol  (      -24.84705023 eV)

 Total SCF energy    =    -162200.14691259 kcal/mol  (    -7033.52616593 eV)
 Electronic energy   =   -1126682.20916290 kcal/mol  (   -48856.60678908 eV)
 Core-core repulsion =     964482.06225032 kcal/mol  (    41823.08062314 eV)
 
    Atomic Charges for Step       1 :
  Atom    Element       Mulliken Charge
     1      C                  0.140
     2      C                  0.016
     3      C                  0.034
     4      C                 -0.044
     5      C                  0.083
     6      O                 -0.743
     7      P                  2.764
     8      O                 -1.209
     9      P                  2.750
    10      O                 -1.247
    11      P                  2.625
    12      O                 -1.254
    13      O                 -0.286
    14      O                 -1.220
    15      O                 -0.819
    16      O                 -1.192
    17      O                 -1.238
    18      O                 -1.258
    19      O                 -1.250
    20      N                 -0.198
    21      C                 -0.171
    22      N                 -0.333
    23      C                 -0.142
    24      C                  0.010
    25      N                 -0.160
    26      C                 -0.094
    27      N                 -0.263
    28      C                  0.026
    29      N                 -0.291
    30      O                 -0.324
    31      O                 -0.371
    32      H                  0.076
    33      H                  0.095
    34      H                  0.122
    35      H                  0.101
    36      H                  0.046
    37      H                  0.069
    38      H                  0.238
    39      H                  0.142
    40      H                  0.128
    41      H                  0.167
    42      H                  0.207
    43      H                  0.268
 Total Mulliken Charge =      -4.000
 
                  X        Y        Z     TOTAL  
  QM DIPOLE  -125.960 -119.957 -150.576  230.062
 
 Final Structure

  QMMM: QM Region Cartesian Coordinates (*=link atom) 
  QMMM: QM_NO.   MM_NO.  ATOM         X         Y         Z
  QMMM:     1        1      C        2.0898    7.9999   10.4442
  QMMM:     2        2      C        1.8610    6.4596   10.2830
  QMMM:     3        3      C        3.2921    5.8985   10.1700
  QMMM:     4        4      C        4.1588    7.1315    9.8212
  QMMM:     5        5      C        5.0188    6.9888    8.5452
  QMMM:     6        6      O        5.3238    5.6808    8.2292
  QMMM:     7        7      P        6.7792    5.0266    8.8209
  QMMM:     8        8      O        7.6469    6.1347    7.9510
  QMMM:     9        9      P        9.1778    5.5309    7.9501
  QMMM:    10       10      O        9.6596    5.0532    6.5881
  QMMM:    11       11      P       10.5607    4.4547    5.0774
  QMMM:    12       12      O       10.9049    5.7373    4.3863
  QMMM:    13       13      O        3.2760    8.2716    9.6652
  QMMM:    14       14      O        6.4824    5.2248   10.2640
  QMMM:    15       15      O        6.2182    3.5973    8.2464
  QMMM:    16       16      O       10.0980    6.3321    8.7752
  QMMM:    17       17      O        8.3527    4.3756    8.7252
  QMMM:    18       18      O       11.7091    3.7221    5.7010
  QMMM:    19       19      O        9.5462    3.5945    4.3933
  QMMM:    20       20      N        0.9485    8.7878   10.0626
  QMMM:    21       21      C       -0.3653    8.2498    9.9088
  QMMM:    22       22      N       -1.2776    9.2267    9.7002
  QMMM:    23       23      C       -0.5889   10.4379    9.7294
  QMMM:    24       24      C        0.8574   10.1829    9.9816
  QMMM:    25       25      N        1.7650   11.1846   10.0870
  QMMM:    26       26      C        1.2290   12.4210    9.9096
  QMMM:    27       27      N       -0.0490   12.7947    9.6530
  QMMM:    28       28      C       -0.9819   11.7892    9.5764
  QMMM:    29       29      N       -2.3604   12.1141    9.3940
  QMMM:    30       30      O        1.1365    5.9348   11.3714
  QMMM:    31       31      O        3.7012    5.3169   11.3905
  QMMM:    32       32      H        2.3379    8.2351   11.5243
  QMMM:    33       33      H        1.3093    6.2539    9.3243
  QMMM:    34       34      H        3.3456    5.1318    9.3500
  QMMM:    35       35      H        4.8316    7.3571   10.6955
  QMMM:    36       36      H        4.4404    7.4299    7.6846
  QMMM:    37       37      H        5.9622    7.5820    8.6994
  QMMM:    38       38      H        6.8905    3.0348    7.8767
  QMMM:    39       39      H        1.9539   13.2550    9.9761
  QMMM:    40       40      H       -2.4770   12.8332    8.7069
  QMMM:    41       41      H       -2.8616   11.2932    9.1133
  QMMM:    42       42      H        0.2604    6.3468   11.2977
  QMMM:    43       43      H        4.6562    5.1312   11.2857

           --------- Calculation Completed ----------

