[2026-09-23T10:28:31-04:00] seeding run_01 → /home/akp66103/workspace/agenticAI/campaigns/robustness/campaigns/pseudokin_5x2/run_01
[2026-09-23T10:28:31-04:00] seeding 5 labels → /home/akp66103/workspace/agenticAI/campaigns/robustness/campaigns/pseudokin_5x2/run_01  case_suffix=_ATP
  rep01←/scratch/akp66103/pseudoKin  rep02←/scratch/akp66103/pseudoKin2  link_mode=auto
  p17612_ATP: hpc/rep01 + hpc/rep02 linked
  o60674_ATP: hpc/rep01 + hpc/rep02 linked
  p24941_ATP: hpc/rep01 + hpc/rep02 linked
  q8ivt5_ATP: hpc/rep01 + hpc/rep02 linked
  q13418_ATP: hpc/rep01 + hpc/rep02 linked
[2026-09-23T10:28:32-04:00] seeded_ok=5 / 5  (hardlink_slots≈0 symlink_slots≈10)
[2026-09-23T10:28:32-04:00] seeding run_02 → /home/akp66103/workspace/agenticAI/campaigns/robustness/campaigns/pseudokin_5x2/run_02
[2026-09-23T10:28:32-04:00] seeding 5 labels → /home/akp66103/workspace/agenticAI/campaigns/robustness/campaigns/pseudokin_5x2/run_02  case_suffix=_ATP
  rep01←/scratch/akp66103/pseudoKin  rep02←/scratch/akp66103/pseudoKin2  link_mode=auto
  p17612_ATP: hpc/rep01 + hpc/rep02 linked
  o60674_ATP: hpc/rep01 + hpc/rep02 linked
  p24941_ATP: hpc/rep01 + hpc/rep02 linked
  q8ivt5_ATP: hpc/rep01 + hpc/rep02 linked
  q13418_ATP: hpc/rep01 + hpc/rep02 linked
[2026-09-23T10:28:34-04:00] seeded_ok=5 / 5  (hardlink_slots≈0 symlink_slots≈10)
[2026-09-23T10:28:34-04:00] nohup start run_01  log=/home/akp66103/workspace/agenticAI/campaigns/robustness/campaigns/pseudokin_5x2/logs/run_01.log
  pid=1630698
[2026-09-23T10:28:34-04:00] waiting for run_01 (pid=1630698) …
[2026-09-23T11:09:34-04:00] run_01 finished exit=0 done=2026-09-23T11:09:05-04:00
[2026-09-23T11:09:34-04:00] nohup start run_02  log=/home/akp66103/workspace/agenticAI/campaigns/robustness/campaigns/pseudokin_5x2/logs/run_02.log
  pid=1649663
[2026-09-23T11:09:34-04:00] waiting for run_02 (pid=1649663) …
[2026-09-23T11:53:34-04:00] run_02 finished exit=0 done=2026-09-23T11:53:00-04:00
[2026-09-23T11:53:34-04:00] all requested runs finished (aggregate_exit=0)
