            --------------------------------------------------------
                             AMBER SQM VERSION 19
 
                                     By
              Ross C. Walker, Michael F. Crowley, Scott Brozell,
                         Tim Giese, Andreas W. Goetz,
                        Tai-Sung Lee and David A. Case
 
            --------------------------------------------------------
 

--------------------------------------------------------------------------------
  QM CALCULATION INFO
--------------------------------------------------------------------------------

| QMMM: Citation for AMBER QMMM Run:
| QMMM: R.C. Walker, M.F. Crowley and D.A. Case, J. COMP. CHEM. 29:1019, 2008

QMMM: SINGLET STATE CALCULATION
QMMM: RHF CALCULATION, NO. OF DOUBLY OCCUPIED LEVELS = 87

| QMMM: *** Selected Hamiltonian *** 
| QMMM: AM1         

| QMMM: *** Parameter sets in use ***
| QMMM: C : M.J.S.DEWAR et al. JACS, 107, 3902, (1985)
| QMMM: O : M.J.S.DEWAR et al. JACS, 107, 3902, (1985)
| QMMM: P : M.J.S.DEWAR et al. THEOCHEM, 187,1, (1989)
| QMMM: N : M.J.S.DEWAR et al. JACS, 107, 3902, (1985)
| QMMM: H : M.J.S.DEWAR et al. JACS, 107, 3902, (1985)

| QMMM: *** SCF convergence criteria ***
| QMMM: Energy change                :  0.1D-09 kcal/mol
| QMMM: Error matrix |FP-PF|         :  0.1D+00 au
| QMMM: Density matrix change        :  0.5D-06
| QMMM: Maximum number of SCF cycles :     1000

| QMMM: *** Diagonalization Routine Information ***
| QMMM: Pseudo diagonalizations are allowed.
| QMMM: Auto diagonalization routine selection is in use.
| QMMM:
| QMMM: Timing diagonalization routines:
| QMMM:                              norbs =      136
| QMMM:    diag iterations used for timing =       10
| QMMM:
| QMMM:              Internal diag routine = 0.030218 seconds
| QMMM:                 Dspev diag routine = 0.027558 seconds
| QMMM:                Dspevd diag routine = 0.013925 seconds
| QMMM:                Dspevx diag routine = 0.084549 seconds
| QMMM:                 Dsyev diag routine = 0.026887 seconds
| QMMM:                Dsyevd diag routine = 0.010459 seconds
| QMMM:                Dsyevr diag routine = 0.017873 seconds
| QMMM:
| QMMM:                Pseudo diag routine = 0.009570 seconds
| QMMM:
| QMMM: Using dsyevd routine (diag_routine=6).

  QMMM: QM Region Cartesian Coordinates (*=link atom) 
  QMMM: QM_NO.   MM_NO.  ATOM         X         Y         Z
  QMMM:     1        1      C       -8.3350   -4.6640    7.3790
  QMMM:     2        2      C       -7.1610   -5.3500    6.7180
  QMMM:     3        3      C       -6.4770   -6.0310    7.8890
  QMMM:     4        4      C       -6.7990   -5.1190    9.0760
  QMMM:     5        5      C       -5.6280   -4.2710    9.5160
  QMMM:     6        6      O       -5.1670   -3.5220    8.4120
  QMMM:     7        7      P       -3.7050   -2.8850    8.3820
  QMMM:     8        8      O       -2.7540   -4.1620    8.3670
  QMMM:     9        9      P       -2.2770   -4.9960    7.1080
  QMMM:    10       10      O       -0.7290   -4.7140    7.0280
  QMMM:    11       11      P        0.0030   -3.3670    6.5250
  QMMM:    12       12      O       -0.9890   -2.5000    5.8100
  QMMM:    13       13      O       -7.8700   -4.2780    8.6740
  QMMM:    14       14      O       -3.4430   -2.1570    9.6420
  QMMM:    15       15      O       -3.5690   -2.0960    7.1140
  QMMM:    16       16      O       -2.9520   -4.5390    5.8700
  QMMM:    17       17      O       -2.4840   -6.4640    7.4390
  QMMM:    18       18      O        1.0860   -3.8420    5.6380
  QMMM:    19       19      O        0.5280   -2.7040    7.7660
  QMMM:    20       20      N       -8.7600   -3.4570    6.6560
  QMMM:    21       21      C       -8.0420   -2.3390    6.4370
  QMMM:    22       22      N       -8.7420   -1.4220    5.7500
  QMMM:    23       23      C       -9.9540   -1.9810    5.5160
  QMMM:    24       24      C       -9.9670   -3.2830    6.0950
  QMMM:    25       25      N      -11.0490   -4.0660    6.0310
  QMMM:    26       26      C      -12.1320   -3.6040    5.4060
  QMMM:    27       27      N      -12.2110   -2.3940    4.8280
  QMMM:    28       28      C      -11.1530   -1.5580    4.8560
  QMMM:    29       29      N      -11.2500   -0.3390    4.2840
  QMMM:    30       30      O       -7.5900   -6.2760    5.7330
  QMMM:    31       31      O       -7.0520   -7.3060    8.1250
  QMMM:    32       32      H       -9.0860   -5.2910    7.4320
  QMMM:    33       33      H       -6.5930   -4.6550    6.3250
  QMMM:    34       34      H       -5.5050   -6.0920    7.7840
  QMMM:    35       35      H       -7.0920   -5.6700    9.8320
  QMMM:    36       36      H       -5.9000   -3.6550   10.2280
  QMMM:    37       37      H       -4.8990   -4.8380    9.8440
  QMMM:    38       38      H       -7.0490   -2.1820    6.7730
  QMMM:    39       39      H      -12.9980   -4.2120    5.3440
  QMMM:    40       40      H      -12.0940   -0.0610    3.8470
  QMMM:    41       41      H      -10.4760    0.2780    4.3020
  QMMM:    42       42      H       -8.0230   -5.7870    5.0020
  QMMM:    43       43      H       -6.6730   -7.6790    8.9480

--------------------------------------------------------------------------------
  RESULTS
--------------------------------------------------------------------------------

      iter         sqm energy              rms gradient
      ----    -------------------    -----------------------
xmin    10     -477.1223 kcal/mol        3.9347 kcal/(mol*A)
xmin    20     -500.0801 kcal/mol        1.7884 kcal/(mol*A)
xmin    30     -506.6876 kcal/mol        0.8488 kcal/(mol*A)
xmin    40     -507.1808 kcal/mol        0.1687 kcal/(mol*A)
xmin    50     -507.2300 kcal/mol        0.1891 kcal/(mol*A)
xmin    60     -507.2424 kcal/mol        0.0287 kcal/(mol*A)
xmin    70     -507.2456 kcal/mol        0.0045 kcal/(mol*A)
xmin    80     -507.2457 kcal/mol        0.0067 kcal/(mol*A)
xmin    90     -507.2457 kcal/mol        0.0010 kcal/(mol*A)
  ... geometry converged !
 
 Final MO eigenvalues (eV):
 -33.3873  -31.5458  -30.3316  -28.5396  -27.8646  -26.9351  -26.5494  -25.1135
 -24.5007  -22.5897  -21.9413  -21.5968  -21.2317  -21.0915  -21.0757  -20.4739
 -19.9804  -19.7232  -19.0355  -18.3187  -18.3110  -16.5421  -16.2291  -15.6793
 -13.6531  -12.1790  -11.9929  -11.0626  -10.7365   -9.2694   -9.1203   -8.9015
  -8.3978   -8.0912   -7.6379   -7.5226   -7.4715   -7.1097   -6.7744   -6.3584
  -6.1701   -5.5556   -5.3798   -5.3126   -5.1810   -5.0338   -4.9379   -4.6470
  -4.5052   -4.1744   -3.5403   -3.3259   -3.2205   -3.1270   -2.8899   -2.6777
  -2.4786   -2.2677   -2.2009   -1.7296   -1.6036   -1.5620   -1.4346   -1.1221
  -0.7263   -0.5771   -0.3869   -0.2766   -0.1805   -0.0511    0.2243    0.2669
   0.5669    0.8347    0.8823    1.0886    1.4737    1.6221    1.6854    2.1049
   2.1844    2.7289    3.6191    3.6306    3.6758    3.7658    3.7675    7.6478
   8.0051    9.7716   10.0016   10.2545   10.5873   10.7475   11.2168   11.4453
  11.6506   12.1087   12.3240   12.4768   12.6380   12.9324   13.0512   13.1500
  13.3043   13.3063   13.4987   13.6120   13.7733   13.9533   14.1077   14.2560
  14.2978   14.4948   14.5900   14.6861   14.7842   14.9349   15.1029   15.1548
  15.2590   15.3115   15.5249   15.9345   16.3818   16.7318   18.0257   18.2002
  18.8905   20.0256   20.3208   20.3919   21.3232   21.8703   22.6788   22.7028


 Heat of formation   =       -507.24569397 kcal/mol  (      -21.99582386 eV)

 Total SCF energy    =    -162134.39478124 kcal/mol  (    -7030.67493956 eV)
 Electronic energy   =   -1200211.15289261 kcal/mol  (   -52045.06105080 eV)
 Core-core repulsion =    1038076.75811137 kcal/mol  (    45014.38611124 eV)
 
    Atomic Charges for Step       1 :
  Atom    Element       Mulliken Charge
     1      C                  0.152
     2      C                  0.017
     3      C                 -0.049
     4      C                  0.002
     5      C                  0.059
     6      O                 -0.767
     7      P                  2.703
     8      O                 -1.292
     9      P                  2.828
    10      O                 -1.282
    11      P                  2.652
    12      O                 -1.275
    13      O                 -0.304
    14      O                 -1.217
    15      O                 -1.193
    16      O                 -1.283
    17      O                 -1.254
    18      O                 -1.283
    19      O                 -1.276
    20      N                 -0.152
    21      C                  0.058
    22      N                 -0.226
    23      C                 -0.172
    24      C                  0.021
    25      N                 -0.172
    26      C                 -0.073
    27      N                 -0.276
    28      C                  0.092
    29      N                 -0.304
    30      O                 -0.400
    31      O                 -0.374
    32      H                  0.106
    33      H                  0.171
    34      H                  0.228
    35      H                  0.074
    36      H                  0.007
    37      H                  0.102
    38      H                  0.364
    39      H                  0.140
    40      H                  0.146
    41      H                  0.193
    42      H                  0.298
    43      H                  0.212
 Total Mulliken Charge =      -4.000
 
                  X        Y        Z     TOTAL  
  QM DIPOLE    61.626   73.921 -133.977  164.960
 
 Final Structure

  QMMM: QM Region Cartesian Coordinates (*=link atom) 
  QMMM: QM_NO.   MM_NO.  ATOM         X         Y         Z
  QMMM:     1        1      C       -8.0493   -4.7898    7.0741
  QMMM:     2        2      C       -6.5515   -5.0750    6.7359
  QMMM:     3        3      C       -6.0851   -5.8610    7.9866
  QMMM:     4        4      C       -6.8851   -5.1761    9.0978
  QMMM:     5        5      C       -6.1208   -3.9380    9.6075
  QMMM:     6        6      O       -6.0833   -2.9604    8.6410
  QMMM:     7        7      P       -4.6256   -2.2463    8.1736
  QMMM:     8        8      O       -3.7086   -3.4397    7.7403
  QMMM:     9        9      P       -2.8100   -4.8544    7.2410
  QMMM:    10       10      O       -1.3797   -4.4650    6.7951
  QMMM:    11       11      P        0.3279   -4.3724    6.2252
  QMMM:    12       12      O        0.2920   -3.4354    5.0509
  QMMM:    13       13      O       -8.1610   -4.8180    8.5098
  QMMM:    14       14      O       -4.1902   -1.5090    9.3814
  QMMM:    15       15      O       -5.2358   -1.5193    7.0131
  QMMM:    16       16      O       -3.7294   -5.3330    6.1594
  QMMM:    17       17      O       -2.9305   -5.6463    8.4977
  QMMM:    18       18      O        0.6258   -5.8040    5.8683
  QMMM:    19       19      O        1.1021   -3.8576    7.4061
  QMMM:    20       20      N       -8.5889   -3.5447    6.5513
  QMMM:    21       21      C       -7.9921   -2.2603    6.4795
  QMMM:    22       22      N       -8.8370   -1.3135    6.0084
  QMMM:    23       23      C      -10.0460   -1.9659    5.7655
  QMMM:    24       24      C       -9.9146   -3.3934    6.1201
  QMMM:    25       25      N      -10.9399   -4.2797    5.9626
  QMMM:    26       26      C      -12.0565   -3.7207    5.4434
  QMMM:    27       27      N      -12.3082   -2.4379    5.0633
  QMMM:    28       28      C      -11.2931   -1.5337    5.2405
  QMMM:    29       29      N      -11.5019   -0.1613    4.9551
  QMMM:    30       30      O       -6.4492   -5.8399    5.5620
  QMMM:    31       31      O       -6.4679   -7.2301    7.9071
  QMMM:    32       32      H       -8.7076   -5.6228    6.6880
  QMMM:    33       33      H       -5.9535   -4.1176    6.6582
  QMMM:    34       34      H       -4.9557   -5.7823    8.1239
  QMMM:    35       35      H       -7.1475   -5.8674    9.9377
  QMMM:    36       36      H       -6.6736   -3.5538   10.5154
  QMMM:    37       37      H       -5.0777   -4.2467    9.9011
  QMMM:    38       38      H       -6.8801   -2.0633    6.7904
  QMMM:    39       39      H      -12.9045   -4.4178    5.2973
  QMMM:    40       40      H      -12.0463   -0.0150    4.1310
  QMMM:    41       41      H      -10.6314    0.3304    4.9109
  QMMM:    42       42      H       -5.4871   -5.8169    5.3484
  QMMM:    43       43      H       -5.9536   -7.5748    7.1653

           --------- Calculation Completed ----------

