[2026-09-23T17:50:14-04:00] seeding run_01 → /home/akp66103/workspace/agenticAI/campaigns/robustness/campaigns/pseudokin_37x2/run_01
[2026-09-23T17:50:15-04:00] seeding 37 labels → /home/akp66103/workspace/agenticAI/campaigns/robustness/campaigns/pseudokin_37x2/run_01  case_suffix=_ATP
  rep01←/scratch/akp66103/pseudoKin  rep02←/scratch/akp66103/pseudoKin2  link_mode=auto
  o15197_ATP: hpc/rep01 + hpc/rep02 linked
  o43187_ATP: hpc/rep01 + hpc/rep02 linked
  o60674_ATP: hpc/rep01 + hpc/rep02 linked
  p00533_ATP: hpc/rep01 + hpc/rep02 linked
  p17612_ATP: hpc/rep01 + hpc/rep02 linked
  p21860_ATP: hpc/rep01 + hpc/rep02 linked
  p23458_ATP: hpc/rep01 + hpc/rep02 linked
  p24941_ATP: hpc/rep01 + hpc/rep02 linked
  p25092_ATP: hpc/rep01 + hpc/rep02 linked
  p28482_ATP: hpc/rep01 + hpc/rep02 linked
  p29597_ATP: hpc/rep01 + hpc/rep02 linked
  p51841_ATP: hpc/rep01 + hpc/rep02 linked
  p52333_ATP: hpc/rep01 + hpc/rep02 linked
  q05823_ATP: hpc/rep01 + hpc/rep02 linked
  q13308_ATP: hpc/rep01 + hpc/rep02 linked
  q13418_ATP: hpc/rep01 + hpc/rep02 linked
  q58a45_ATP: hpc/rep01 + hpc/rep02 linked
  q5jzy3_ATP: hpc/rep01 + hpc/rep02 linked
  q6vab6_ATP: hpc/rep01 + hpc/rep02 linked
  q7rtn6_ATP: hpc/rep01 + hpc/rep02 linked
  q7z7a4_ATP: hpc/rep01 + hpc/rep02 linked
  q8iv63_ATP: hpc/rep01 + hpc/rep02 linked
  q8ivt5_ATP: hpc/rep01 + hpc/rep02 linked
  q8nb16_ATP: hpc/rep01 + hpc/rep02 linked
  q8ncb2_ATP: hpc/rep01 + hpc/rep02 linked
  q8ne28_ATP: hpc/rep01 + hpc/rep02 linked
  q8tea7_ATP: hpc/rep01 + hpc/rep02 linked
  q8wz42_ATP: hpc/rep01 + hpc/rep02 linked
  q92519_ATP: hpc/rep01 + hpc/rep02 linked
  q96c45_ATP: hpc/rep01 + hpc/rep02 linked
  q96qs6_ATP: hpc/rep01 + hpc/rep02 linked
  q9bxu1_ATP: hpc/rep01 + hpc/rep02 linked
  q9c0k7_ATP: hpc/rep01 + hpc/rep02 linked
  q9nsy0_ATP: hpc/rep01 + hpc/rep02 linked
  q9uhy1_ATP: hpc/rep01 + hpc/rep02 linked
  q9y243_ATP: hpc/rep01 + hpc/rep02 linked
  q9y616_ATP: hpc/rep01 + hpc/rep02 linked
[2026-09-23T17:50:24-04:00] seeded_ok=37 / 37  (hardlink_slots≈0 symlink_slots≈74)
[2026-09-23T17:50:24-04:00] seeding run_02 → /home/akp66103/workspace/agenticAI/campaigns/robustness/campaigns/pseudokin_37x2/run_02
[2026-09-23T17:50:24-04:00] seeding 37 labels → /home/akp66103/workspace/agenticAI/campaigns/robustness/campaigns/pseudokin_37x2/run_02  case_suffix=_ATP
  rep01←/scratch/akp66103/pseudoKin  rep02←/scratch/akp66103/pseudoKin2  link_mode=auto
  o15197_ATP: hpc/rep01 + hpc/rep02 linked
  o43187_ATP: hpc/rep01 + hpc/rep02 linked
  o60674_ATP: hpc/rep01 + hpc/rep02 linked
  p00533_ATP: hpc/rep01 + hpc/rep02 linked
  p17612_ATP: hpc/rep01 + hpc/rep02 linked
  p21860_ATP: hpc/rep01 + hpc/rep02 linked
  p23458_ATP: hpc/rep01 + hpc/rep02 linked
  p24941_ATP: hpc/rep01 + hpc/rep02 linked
  p25092_ATP: hpc/rep01 + hpc/rep02 linked
  p28482_ATP: hpc/rep01 + hpc/rep02 linked
  p29597_ATP: hpc/rep01 + hpc/rep02 linked
  p51841_ATP: hpc/rep01 + hpc/rep02 linked
  p52333_ATP: hpc/rep01 + hpc/rep02 linked
  q05823_ATP: hpc/rep01 + hpc/rep02 linked
  q13308_ATP: hpc/rep01 + hpc/rep02 linked
  q13418_ATP: hpc/rep01 + hpc/rep02 linked
  q58a45_ATP: hpc/rep01 + hpc/rep02 linked
  q5jzy3_ATP: hpc/rep01 + hpc/rep02 linked
  q6vab6_ATP: hpc/rep01 + hpc/rep02 linked
  q7rtn6_ATP: hpc/rep01 + hpc/rep02 linked
  q7z7a4_ATP: hpc/rep01 + hpc/rep02 linked
  q8iv63_ATP: hpc/rep01 + hpc/rep02 linked
  q8ivt5_ATP: hpc/rep01 + hpc/rep02 linked
  q8nb16_ATP: hpc/rep01 + hpc/rep02 linked
  q8ncb2_ATP: hpc/rep01 + hpc/rep02 linked
  q8ne28_ATP: hpc/rep01 + hpc/rep02 linked
  q8tea7_ATP: hpc/rep01 + hpc/rep02 linked
  q8wz42_ATP: hpc/rep01 + hpc/rep02 linked
  q92519_ATP: hpc/rep01 + hpc/rep02 linked
  q96c45_ATP: hpc/rep01 + hpc/rep02 linked
  q96qs6_ATP: hpc/rep01 + hpc/rep02 linked
  q9bxu1_ATP: hpc/rep01 + hpc/rep02 linked
  q9c0k7_ATP: hpc/rep01 + hpc/rep02 linked
  q9nsy0_ATP: hpc/rep01 + hpc/rep02 linked
  q9uhy1_ATP: hpc/rep01 + hpc/rep02 linked
  q9y243_ATP: hpc/rep01 + hpc/rep02 linked
  q9y616_ATP: hpc/rep01 + hpc/rep02 linked
[2026-09-23T17:50:33-04:00] seeded_ok=37 / 37  (hardlink_slots≈0 symlink_slots≈74)
[2026-09-23T17:50:33-04:00] nohup start run_01  log=/home/akp66103/workspace/agenticAI/campaigns/robustness/campaigns/pseudokin_37x2/logs/run_01.log
  pid=2035763
[2026-09-23T17:50:33-04:00] waiting for run_01 (pid=2035763) …
[2026-09-23T21:19:34-04:00] run_01 finished exit=1 done=2026-09-23T21:18:36-04:00
[2026-09-23T21:19:34-04:00] WARNING: run_01 failed — continuing to next run if any
[2026-09-23T21:19:34-04:00] nohup start run_02  log=/home/akp66103/workspace/agenticAI/campaigns/robustness/campaigns/pseudokin_37x2/logs/run_02.log
  pid=2123014
[2026-09-23T21:19:34-04:00] waiting for run_02 (pid=2123014) …
[2026-09-24T00:47:35-04:00] run_02 finished exit=0 done=2026-09-24T00:46:49-04:00
[2026-09-24T00:47:35-04:00] all requested runs finished (aggregate_exit=1)
