            --------------------------------------------------------
                             AMBER SQM VERSION 19
 
                                     By
              Ross C. Walker, Michael F. Crowley, Scott Brozell,
                         Tim Giese, Andreas W. Goetz,
                        Tai-Sung Lee and David A. Case
 
            --------------------------------------------------------
 

--------------------------------------------------------------------------------
  QM CALCULATION INFO
--------------------------------------------------------------------------------

| QMMM: Citation for AMBER QMMM Run:
| QMMM: R.C. Walker, M.F. Crowley and D.A. Case, J. COMP. CHEM. 29:1019, 2008

QMMM: SINGLET STATE CALCULATION
QMMM: RHF CALCULATION, NO. OF DOUBLY OCCUPIED LEVELS = 87

| QMMM: *** Selected Hamiltonian *** 
| QMMM: AM1         

| QMMM: *** Parameter sets in use ***
| QMMM: C : M.J.S.DEWAR et al. JACS, 107, 3902, (1985)
| QMMM: O : M.J.S.DEWAR et al. JACS, 107, 3902, (1985)
| QMMM: P : M.J.S.DEWAR et al. THEOCHEM, 187,1, (1989)
| QMMM: N : M.J.S.DEWAR et al. JACS, 107, 3902, (1985)
| QMMM: H : M.J.S.DEWAR et al. JACS, 107, 3902, (1985)

| QMMM: *** SCF convergence criteria ***
| QMMM: Energy change                :  0.1D-09 kcal/mol
| QMMM: Error matrix |FP-PF|         :  0.1D+00 au
| QMMM: Density matrix change        :  0.5D-06
| QMMM: Maximum number of SCF cycles :     1000

| QMMM: *** Diagonalization Routine Information ***
| QMMM: Pseudo diagonalizations are allowed.
| QMMM: Auto diagonalization routine selection is in use.
| QMMM:
| QMMM: Timing diagonalization routines:
| QMMM:                              norbs =      136
| QMMM:    diag iterations used for timing =       10
| QMMM:
| QMMM:              Internal diag routine = 0.030489 seconds
| QMMM:                 Dspev diag routine = 0.027419 seconds
| QMMM:                Dspevd diag routine = 0.013712 seconds
| QMMM:                Dspevx diag routine = 0.086185 seconds
| QMMM:                 Dsyev diag routine = 0.026705 seconds
| QMMM:                Dsyevd diag routine = 0.010497 seconds
| QMMM:                Dsyevr diag routine = 0.017866 seconds
| QMMM:
| QMMM:                Pseudo diag routine = 0.009629 seconds
| QMMM:
| QMMM: Using dsyevd routine (diag_routine=6).

  QMMM: QM Region Cartesian Coordinates (*=link atom) 
  QMMM: QM_NO.   MM_NO.  ATOM         X         Y         Z
  QMMM:     1        1      C       -4.6090    7.3730    5.0090
  QMMM:     2        2      C       -3.4500    7.3990    5.9610
  QMMM:     3        3      C       -2.3380    6.8080    5.0980
  QMMM:     4        4      C       -3.0340    5.8100    4.2220
  QMMM:     5        5      C       -3.0580    4.3820    4.7540
  QMMM:     6        6      O       -2.8590    4.3900    6.1240
  QMMM:     7        7      P       -1.5430    3.7610    6.7270
  QMMM:     8        8      O       -0.4000    4.3980    5.8080
  QMMM:     9        9      P        1.1250    3.9450    5.6770
  QMMM:    10       10      O        1.6710    4.0540    7.1530
  QMMM:    11       11      P        1.7130    2.9160    8.2470
  QMMM:    12       12      O        0.9860    1.7190    7.7230
  QMMM:    13       13      O       -4.3760    6.2900    4.1080
  QMMM:    14       14      O       -1.4030    4.2790    8.1190
  QMMM:    15       15      O       -1.5600    2.2780    6.5180
  QMMM:    16       16      O        1.7970    4.9820    4.8310
  QMMM:    17       17      O        1.1820    2.5340    5.1570
  QMMM:    18       18      O        3.1510    2.6430    8.4780
  QMMM:    19       19      O        1.0270    3.5140    9.4420
  QMMM:    20       20      N       -5.8890    7.0970    5.6320
  QMMM:    21       21      C       -6.1510    6.1520    6.5570
  QMMM:    22       22      N       -7.4660    6.1350    6.8370
  QMMM:    23       23      C       -8.0310    7.0910    6.0650
  QMMM:    24       24      C       -7.0250    7.7110    5.3000
  QMMM:    25       25      N       -7.2620    8.7070    4.4360
  QMMM:    26       26      C       -8.5170    9.1200    4.2950
  QMMM:    27       27      N       -9.5510    8.5750    4.9790
  QMMM:    28       28      C       -9.3570    7.5820    5.8610
  QMMM:    29       29      N      -10.4050    7.0520    6.5240
  QMMM:    30       30      O       -3.1810    8.7260    6.3810
  QMMM:    31       31      O       -1.7640    7.8420    4.2880
  QMMM:    32       32      H       -4.6700    8.2380    4.5520
  QMMM:    33       33      H       -3.6500    6.8270    6.7310
  QMMM:    34       34      H       -1.6480    6.3510    5.6220
  QMMM:    35       35      H       -2.6150    5.8100    3.3360
  QMMM:    36       36      H       -3.9240    3.9670    4.5600
  QMMM:    37       37      H       -2.3480    3.8550    4.3320
  QMMM:    38       38      H       -5.4360    5.4750    6.9490
  QMMM:    39       39      H       -8.7350    9.9080    3.6200
  QMMM:    40       40      H      -11.3200    7.3940    6.3620
  QMMM:    41       41      H      -10.2590    6.3200    7.1740
  QMMM:    42       42      H       -3.9290    9.0450    6.9280
  QMMM:    43       43      H       -1.1190    7.4410    3.6690

--------------------------------------------------------------------------------
  RESULTS
--------------------------------------------------------------------------------

      iter         sqm energy              rms gradient
      ----    -------------------    -----------------------
xmin    10     -453.9850 kcal/mol        6.0658 kcal/(mol*A)
xmin    20     -493.6295 kcal/mol        6.0047 kcal/(mol*A)
xmin    30     -509.4528 kcal/mol        7.1695 kcal/(mol*A)
xmin    40     -536.4235 kcal/mol        2.4485 kcal/(mol*A)
xmin    50     -539.7017 kcal/mol        2.9153 kcal/(mol*A)
xmin    60     -543.9416 kcal/mol        1.8023 kcal/(mol*A)
xmin    70     -545.9698 kcal/mol        3.2861 kcal/(mol*A)
xmin    80     -548.9995 kcal/mol        0.8474 kcal/(mol*A)
xmin    90     -551.3786 kcal/mol        1.0091 kcal/(mol*A)
xmin   100     -551.7956 kcal/mol        0.4826 kcal/(mol*A)
xmin   110     -551.9041 kcal/mol        0.0714 kcal/(mol*A)
xmin   120     -551.9339 kcal/mol        0.2192 kcal/(mol*A)
xmin   130     -551.9492 kcal/mol        0.1272 kcal/(mol*A)
xmin   140     -551.9536 kcal/mol        0.0416 kcal/(mol*A)
xmin   150     -551.9612 kcal/mol        0.0692 kcal/(mol*A)
xmin   160     -551.9635 kcal/mol        0.0236 kcal/(mol*A)
xmin   170     -551.9640 kcal/mol        0.0110 kcal/(mol*A)
xmin   180     -551.9649 kcal/mol        0.0123 kcal/(mol*A)
xmin   190     -551.9651 kcal/mol        0.0053 kcal/(mol*A)
xmin   200     -551.9651 kcal/mol        0.0017 kcal/(mol*A)
xmin   210     -551.9651 kcal/mol        0.0012 kcal/(mol*A)
  ... geometry converged !
 
 Final MO eigenvalues (eV):
 -32.6596  -31.8859  -29.6265  -28.9192  -28.0919  -27.8938  -27.5780  -26.8565
 -24.6395  -24.6053  -24.1577  -24.0876  -22.3334  -21.8427  -21.6111  -21.4389
 -20.5617  -20.2118  -19.9892  -19.3161  -19.2991  -16.9377  -15.5633  -14.7630
 -14.3924  -12.9388  -11.5606  -10.6869  -10.2678  -10.1314   -9.6538   -9.2684
  -8.8697   -8.5887   -8.4516   -8.1430   -7.8323   -7.1555   -7.0417   -6.9126
  -6.7449   -6.6194   -6.5379   -6.1955   -6.0851   -5.5119   -5.3137   -5.0859
  -4.7261   -4.6159   -4.4226   -4.3492   -4.1180   -3.8289   -3.7451   -3.3420
  -3.0123   -2.9282   -2.7873   -2.7188   -2.6841   -2.4557   -2.2639   -2.0124
  -1.9450   -1.7344   -1.6535   -1.5653   -1.4554   -1.3706   -1.1069   -1.0458
  -0.8283   -0.4069   -0.3560    0.1023    0.2801    0.3524    0.4354    0.8403
   0.8739    1.6528    2.7001    2.7106    2.7383    2.8286    2.8325    8.2814
   8.5616   10.3015   10.5929   10.9058   11.2755   11.4635   11.7182   11.8776
  11.8934   12.0152   12.0698   12.1866   12.4142   12.4449   12.6200   12.7080
  12.8181   13.0071   13.0838   13.3623   13.4018   13.4764   13.6480   13.6691
  13.8209   13.8960   13.9942   14.1108   14.2795   14.3079   14.5234   14.7487
  14.9269   15.0497   15.1491   15.5242   16.0396   16.1418   16.3436   16.4559
  17.0799   17.5391   18.3611   19.1695   20.1063   20.6621   21.7634   21.7769


 Heat of formation   =       -551.96510272 kcal/mol  (      -23.93500294 eV)

 Total SCF energy    =    -162179.11418999 kcal/mol  (    -7032.61411864 eV)
 Electronic energy   =   -1136940.16368484 kcal/mol  (   -49301.42507631 eV)
 Core-core repulsion =     974761.04949485 kcal/mol  (    42268.81095767 eV)
 
    Atomic Charges for Step       1 :
  Atom    Element       Mulliken Charge
     1      C                  0.149
     2      C                  0.004
     3      C                  0.001
     4      C                 -0.014
     5      C                  0.018
     6      O                 -0.768
     7      P                  2.714
     8      O                 -1.256
     9      P                  2.784
    10      O                 -1.265
    11      P                  2.640
    12      O                 -1.265
    13      O                 -0.292
    14      O                 -0.827
    15      O                 -1.154
    16      O                 -1.250
    17      O                 -1.225
    18      O                 -1.270
    19      O                 -1.265
    20      N                 -0.192
    21      C                 -0.109
    22      N                 -0.346
    23      C                 -0.120
    24      C                 -0.005
    25      N                 -0.180
    26      C                 -0.105
    27      N                 -0.255
    28      C                  0.009
    29      N                 -0.289
    30      O                 -0.346
    31      O                 -0.401
    32      H                  0.081
    33      H                  0.148
    34      H                  0.119
    35      H                  0.101
    36      H                  0.066
    37      H                  0.155
    38      H                  0.264
    39      H                  0.135
    40      H                  0.124
    41      H                  0.168
    42      H                  0.213
    43      H                  0.307
 Total Mulliken Charge =      -4.000
 
                  X        Y        Z     TOTAL  
  QM DIPOLE    19.670  -86.377 -114.509  144.777
 
 Final Structure

  QMMM: QM Region Cartesian Coordinates (*=link atom) 
  QMMM: QM_NO.   MM_NO.  ATOM         X         Y         Z
  QMMM:     1        1      C       -4.9733    7.4360    5.6339
  QMMM:     2        2      C       -4.1538    7.6521    6.9501
  QMMM:     3        3      C       -3.0336    6.5843    6.8952
  QMMM:     4        4      C       -3.2586    5.8357    5.5697
  QMMM:     5        5      C       -3.0590    4.3159    5.5752
  QMMM:     6        6      O       -3.0725    3.7659    6.8617
  QMMM:     7        7      P       -1.8856    2.7281    7.2935
  QMMM:     8        8      O       -0.6567    3.1162    6.4822
  QMMM:     9        9      P        0.5649    3.9852    5.4326
  QMMM:    10       10      O        1.9318    3.3635    5.7372
  QMMM:    11       11      P        3.6397    2.7830    5.9900
  QMMM:    12       12      O        3.6201    1.3693    5.4897
  QMMM:    13       13      O       -4.6030    6.1279    5.1350
  QMMM:    14       14      O       -1.5436    3.3507    8.7415
  QMMM:    15       15      O       -2.4377    1.3745    7.4060
  QMMM:    16       16      O        0.2799    5.3234    6.0212
  QMMM:    17       17      O       -0.0723    3.6872    4.1300
  QMMM:    18       18      O        4.4092    3.7486    5.1358
  QMMM:    19       19      O        3.8410    2.9296    7.4690
  QMMM:    20       20      N       -6.3967    7.5602    5.7846
  QMMM:    21       21      C       -7.1698    7.3693    6.9675
  QMMM:    22       22      N       -8.4902    7.5880    6.7329
  QMMM:    23       23      C       -8.6185    7.9234    5.3917
  QMMM:    24       24      C       -7.2754    7.9146    4.7453
  QMMM:    25       25      N       -7.0932    8.2143    3.4379
  QMMM:    26       26      C       -8.2510    8.4968    2.7798
  QMMM:    27       27      N       -9.5276    8.5265    3.2305
  QMMM:    28       28      C       -9.7197    8.2521    4.5632
  QMMM:    29       29      N      -11.0310    8.3478    5.1236
  QMMM:    30       30      O       -3.6791    8.9810    7.0032
  QMMM:    31       31      O       -1.7914    7.2545    6.9275
  QMMM:    32       32      H       -4.6332    8.1866    4.8561
  QMMM:    33       33      H       -4.8025    7.5250    7.8578
  QMMM:    34       34      H       -3.1181    5.8913    7.7732
  QMMM:    35       35      H       -2.5640    6.2651    4.7891
  QMMM:    36       36      H       -3.9070    3.8602    4.9872
  QMMM:    37       37      H       -2.0615    4.0979    5.0709
  QMMM:    38       38      H       -0.8352    3.9905    8.7198
  QMMM:    39       39      H       -8.1293    8.7303    1.7051
  QMMM:    40       40      H      -11.7050    7.8901    4.5404
  QMMM:    41       41      H      -11.0328    7.9244    6.0323
  QMMM:    42       42      H       -2.8423    9.0125    6.5194
  QMMM:    43       43      H       -1.0926    6.6163    6.6576

           --------- Calculation Completed ----------

