            --------------------------------------------------------
                             AMBER SQM VERSION 19
 
                                     By
              Ross C. Walker, Michael F. Crowley, Scott Brozell,
                         Tim Giese, Andreas W. Goetz,
                        Tai-Sung Lee and David A. Case
 
            --------------------------------------------------------
 

--------------------------------------------------------------------------------
  QM CALCULATION INFO
--------------------------------------------------------------------------------

| QMMM: Citation for AMBER QMMM Run:
| QMMM: R.C. Walker, M.F. Crowley and D.A. Case, J. COMP. CHEM. 29:1019, 2008

QMMM: SINGLET STATE CALCULATION
QMMM: RHF CALCULATION, NO. OF DOUBLY OCCUPIED LEVELS = 87

| QMMM: *** Selected Hamiltonian *** 
| QMMM: AM1         

| QMMM: *** Parameter sets in use ***
| QMMM: C : M.J.S.DEWAR et al. JACS, 107, 3902, (1985)
| QMMM: O : M.J.S.DEWAR et al. JACS, 107, 3902, (1985)
| QMMM: P : M.J.S.DEWAR et al. THEOCHEM, 187,1, (1989)
| QMMM: N : M.J.S.DEWAR et al. JACS, 107, 3902, (1985)
| QMMM: H : M.J.S.DEWAR et al. JACS, 107, 3902, (1985)

| QMMM: *** SCF convergence criteria ***
| QMMM: Energy change                :  0.1D-09 kcal/mol
| QMMM: Error matrix |FP-PF|         :  0.1D+00 au
| QMMM: Density matrix change        :  0.5D-06
| QMMM: Maximum number of SCF cycles :     1000

| QMMM: *** Diagonalization Routine Information ***
| QMMM: Pseudo diagonalizations are allowed.
| QMMM: Auto diagonalization routine selection is in use.
| QMMM:
| QMMM: Timing diagonalization routines:
| QMMM:                              norbs =      136
| QMMM:    diag iterations used for timing =       10
| QMMM:
| QMMM:              Internal diag routine = 0.030334 seconds
| QMMM:                 Dspev diag routine = 0.028513 seconds
| QMMM:                Dspevd diag routine = 0.014293 seconds
| QMMM:                Dspevx diag routine = 0.084746 seconds
| QMMM:                 Dsyev diag routine = 0.027555 seconds
| QMMM:                Dsyevd diag routine = 0.010498 seconds
| QMMM:                Dsyevr diag routine = 0.017894 seconds
| QMMM:
| QMMM:                Pseudo diag routine = 0.009968 seconds
| QMMM:
| QMMM: Using dsyevd routine (diag_routine=6).

  QMMM: QM Region Cartesian Coordinates (*=link atom) 
  QMMM: QM_NO.   MM_NO.  ATOM         X         Y         Z
  QMMM:     1        1      C       -7.5310   -3.0970    7.8720
  QMMM:     2        2      C       -6.6290   -3.9620    7.0250
  QMMM:     3        3      C       -5.2330   -3.4820    7.3850
  QMMM:     4        4      C       -5.3900   -3.0140    8.8070
  QMMM:     5        5      C       -4.3970   -1.9320    9.1900
  QMMM:     6        6      O       -4.6270   -0.7440    8.4830
  QMMM:     7        7      P       -3.4320    0.2300    8.0600
  QMMM:     8        8      O       -2.2830   -0.0510    9.1190
  QMMM:     9        9      P       -0.8430   -0.6640    8.8160
  QMMM:    10       10      O        0.0540    0.6050    8.4450
  QMMM:    11       11      P        0.3160    1.2280    7.0100
  QMMM:    12       12      O        0.5220    0.1100    6.0430
  QMMM:    13       13      O       -6.7260   -2.5250    8.8920
  QMMM:    14       14      O       -3.8810    1.6380    8.2330
  QMMM:    15       15      O       -2.9530   -0.1540    6.6910
  QMMM:    16       16      O       -0.9150   -1.6290    7.6980
  QMMM:    17       17      O       -0.3310   -1.2180   10.1290
  QMMM:    18       18      O       -0.8780    2.0720    6.6890
  QMMM:    19       19      O        1.5570    2.0540    7.1690
  QMMM:    20       20      N       -8.1440   -2.0210    7.0860
  QMMM:    21       21      C       -7.6400   -0.7820    6.8740
  QMMM:    22       22      N       -8.4650   -0.0440    6.1370
  QMMM:    23       23      C       -9.5410   -0.8170    5.8720
  QMMM:    24       24      C       -9.3400   -2.0830    6.4840
  QMMM:    25       25      N      -10.2460   -3.0530    6.3970
  QMMM:    26       26      C      -11.3590   -2.8220    5.7100
  QMMM:    27       27      N      -11.6330   -1.6620    5.0900
  QMMM:    28       28      C      -10.7640   -0.6390    5.1410
  QMMM:    29       29      N      -11.0500    0.5170    4.5210
  QMMM:    30       30      O       -6.8270   -5.3240    7.4030
  QMMM:    31       31      O       -4.2890   -4.5380    7.3120
  QMMM:    32       32      H       -8.2310   -3.6550    8.2710
  QMMM:    33       33      H       -6.8240   -3.8200    6.0750
  QMMM:    34       34      H       -4.9480   -2.7280    6.8270
  QMMM:    35       35      H       -5.2940   -3.7650    9.4290
  QMMM:    36       36      H       -4.4760   -1.7520   10.1500
  QMMM:    37       37      H       -3.4900   -2.2480    8.9960
  QMMM:    38       38      H       -6.7200   -0.4280    7.2640
  QMMM:    39       39      H      -12.0910   -3.5850    5.6300
  QMMM:    40       40      H      -11.9010    0.6170    4.0260
  QMMM:    41       41      H      -10.4080    1.2700    4.5600
  QMMM:    42       42      H       -7.7360   -5.5950    7.1550
  QMMM:    43       43      H       -3.4240   -4.2170    7.6430

--------------------------------------------------------------------------------
  RESULTS
--------------------------------------------------------------------------------

      iter         sqm energy              rms gradient
      ----    -------------------    -----------------------
xmin    10     -479.9687 kcal/mol        4.2378 kcal/(mol*A)
xmin    20     -518.3112 kcal/mol        2.6879 kcal/(mol*A)
xmin    30     -526.1879 kcal/mol        2.5167 kcal/(mol*A)
xmin    40     -532.9358 kcal/mol        2.8663 kcal/(mol*A)
xmin    50     -538.2798 kcal/mol        2.4415 kcal/(mol*A)
xmin    60     -542.5240 kcal/mol        1.6724 kcal/(mol*A)
xmin    70     -545.3527 kcal/mol        1.7833 kcal/(mol*A)
xmin    80     -551.4154 kcal/mol        0.8499 kcal/(mol*A)
xmin    90     -552.7893 kcal/mol        5.1306 kcal/(mol*A)
xmin   100     -555.0264 kcal/mol        0.3193 kcal/(mol*A)
xmin   110     -555.2560 kcal/mol        0.1531 kcal/(mol*A)
xmin   120     -555.3292 kcal/mol        0.1039 kcal/(mol*A)
xmin   130     -555.3414 kcal/mol        0.0105 kcal/(mol*A)
xmin   140     -555.3432 kcal/mol        0.0154 kcal/(mol*A)
xmin   150     -555.3434 kcal/mol        0.0307 kcal/(mol*A)
xmin   160     -555.3435 kcal/mol        0.0084 kcal/(mol*A)
xmin   170     -555.3436 kcal/mol        0.0011 kcal/(mol*A)
  ... geometry converged !
 
 Final MO eigenvalues (eV):
 -32.7115  -31.7065  -29.6590  -28.7268  -27.9978  -27.7783  -27.2970  -25.6163
 -24.6130  -24.1567  -24.1182  -23.4141  -22.0195  -21.5424  -21.3767  -21.0730
 -20.4669  -20.1405  -19.9415  -19.3494  -19.2271  -16.7725  -15.6054  -14.7500
 -13.9813  -12.6570  -11.5090  -10.6743  -10.1522   -9.9152   -9.5963   -8.7600
  -8.6690   -8.3727   -8.0175   -7.8557   -7.7667   -7.3795   -7.3666   -6.7757
  -6.7274   -6.4510   -6.1760   -6.0423   -5.8512   -5.1800   -4.7703   -4.6366
  -4.4236   -4.3902   -4.1995   -4.0735   -3.9029   -3.4139   -3.1247   -2.9883
  -2.8296   -2.6221   -2.5857   -2.5295   -2.4670   -2.0847   -1.9190   -1.7351
  -1.7026   -1.4912   -1.3588   -1.2008   -1.1370   -0.9547   -0.9275   -0.7954
  -0.7249   -0.6602   -0.0555    0.0279    0.3914    0.5930    0.8435    1.2370
   1.2878    1.8721    2.5876    2.6147    2.7582    2.8011    2.8587    8.2197
   8.5113   10.2342   10.5089   10.8794   11.2297   11.4063   11.5457   11.8150
  12.0414   12.1630   12.3280   12.3624   12.5171   12.6747   12.6907   12.7999
  12.9890   13.1380   13.3593   13.3970   13.5000   13.5630   13.7602   13.8440
  14.0184   14.0682   14.1700   14.2922   14.4063   14.5083   14.8850   14.9674
  15.0951   15.1521   15.4600   15.7938   16.1841   16.4964   16.6380   17.5171
  17.8429   18.0681   19.1074   19.4320   20.5999   20.9266   21.8025   21.8332


 Heat of formation   =       -555.34355769 kcal/mol  (      -24.08150374 eV)

 Total SCF energy    =    -162182.49264496 kcal/mol  (    -7032.76061944 eV)
 Electronic energy   =   -1141844.67859118 kcal/mol  (   -49514.10080184 eV)
 Core-core repulsion =     979662.18594622 kcal/mol  (    42481.34018240 eV)
 
    Atomic Charges for Step       1 :
  Atom    Element       Mulliken Charge
     1      C                  0.140
     2      C                  0.018
     3      C                  0.040
     4      C                 -0.040
     5      C                  0.038
     6      O                 -0.751
     7      P                  2.746
     8      O                 -1.262
     9      P                  2.799
    10      O                 -1.283
    11      P                  2.668
    12      O                 -1.273
    13      O                 -0.290
    14      O                 -1.192
    15      O                 -0.885
    16      O                 -1.248
    17      O                 -1.234
    18      O                 -1.282
    19      O                 -1.275
    20      N                 -0.200
    21      C                 -0.166
    22      N                 -0.335
    23      C                 -0.141
    24      C                  0.010
    25      N                 -0.160
    26      C                 -0.098
    27      N                 -0.262
    28      C                  0.023
    29      N                 -0.289
    30      O                 -0.316
    31      O                 -0.367
    32      H                  0.088
    33      H                  0.092
    34      H                  0.128
    35      H                  0.121
    36      H                  0.053
    37      H                  0.090
    38      H                  0.360
    39      H                  0.139
    40      H                  0.125
    41      H                  0.168
    42      H                  0.207
    43      H                  0.295
 Total Mulliken Charge =      -4.000
 
                  X        Y        Z     TOTAL  
  QM DIPOLE    54.058   23.073 -153.117  164.010
 
 Final Structure

  QMMM: QM Region Cartesian Coordinates (*=link atom) 
  QMMM: QM_NO.   MM_NO.  ATOM         X         Y         Z
  QMMM:     1        1      C       -7.2561   -2.5032    6.4331
  QMMM:     2        2      C       -6.1496   -1.9801    5.4601
  QMMM:     3        3      C       -4.8804   -1.9963    6.3382
  QMMM:     4        4      C       -5.4504   -1.7866    7.7635
  QMMM:     5        5      C       -5.2192   -0.3713    8.3170
  QMMM:     6        6      O       -3.9307    0.0799    8.0475
  QMMM:     7        7      P       -2.8707    0.2453    9.2982
  QMMM:     8        8      O       -2.0233   -1.0312    9.2587
  QMMM:     9        9      P       -0.9284   -2.3786    8.9084
  QMMM:    10       10      O        0.3512   -1.5457    8.6137
  QMMM:    11       11      P        1.6021   -0.3217    8.3515
  QMMM:    12       12      O        2.2473   -0.6817    7.0459
  QMMM:    13       13      O       -6.8819   -2.0104    7.7366
  QMMM:    14       14      O       -3.6672    0.5718   10.4931
  QMMM:    15       15      O       -2.0240    1.4661    8.7773
  QMMM:    16       16      O       -1.6186   -2.9623    7.7283
  QMMM:    17       17      O       -0.8812   -3.1878   10.1460
  QMMM:    18       18      O        0.7177    0.9057    8.3291
  QMMM:    19       19      O        2.5192   -0.4162    9.5355
  QMMM:    20       20      N       -8.5894   -2.1222    6.0407
  QMMM:    21       21      C       -8.9306   -1.6885    4.7242
  QMMM:    22       22      N      -10.2713   -1.5849    4.5690
  QMMM:    23       23      C      -10.8501   -1.9674    5.7769
  QMMM:    24       24      C       -9.7802   -2.3408    6.7456
  QMMM:    25       25      N      -10.0568   -2.8110    7.9866
  QMMM:    26       26      C      -11.3880   -2.8987    8.2484
  QMMM:    27       27      N      -12.4573   -2.5927    7.4732
  QMMM:    28       28      C      -12.1883   -2.1014    6.2186
  QMMM:    29       29      N      -13.2633   -1.6849    5.3759
  QMMM:    30       30      O       -6.0478   -2.7900    4.3142
  QMMM:    31       31      O       -4.2284   -3.2378    6.2316
  QMMM:    32       32      H       -7.2108   -3.6334    6.4897
  QMMM:    33       33      H       -6.3722   -0.9183    5.1614
  QMMM:    34       34      H       -4.1874   -1.1561    6.0655
  QMMM:    35       35      H       -5.0236   -2.5594    8.4582
  QMMM:    36       36      H       -5.9433    0.3285    7.8104
  QMMM:    37       37      H       -5.4152   -0.3645    9.4252
  QMMM:    38       38      H       -1.0827    1.3104    8.5243
  QMMM:    39       39      H      -11.6380   -3.2840    9.2555
  QMMM:    40       40      H      -14.0077   -2.3547    5.3780
  QMMM:    41       41      H      -12.9249   -1.5571    4.4416
  QMMM:    42       42      H       -6.8895   -2.6571    3.8482
  QMMM:    43       43      H       -3.3501   -3.1391    6.6646

           --------- Calculation Completed ----------

